// Vitest Snapshot v1, https://vitest.dev/guide/snapshot.html

exports[`should match snapshot 1`] = `
Object {
  "asFragment": [Function],
  "baseElement": <body>
    <div>
      <div
        class="_wikiEditor_48b3a8"
      >
        <div>
          <div
            data-rbd-draggable-context-id="0"
            data-rbd-draggable-id="yufi"
          >
            <div
              class="_editorItem_48b3a8"
            >
              <div
                aria-describedby="rbd-hidden-text-0-hidden-text-0"
                data-rbd-drag-handle-context-id="0"
                data-rbd-drag-handle-draggable-id="yufi"
                draggable="false"
                role="button"
                tabindex="-1"
              >
                <div
                  class="_editorItemCursor_48b3a8"
                />
              </div>
              <div
                class="bgm-input-group _editorItemInputGroup_48b3a8"
              >
                <div
                  class="bgm-input__wrapper _editorItemInput_48b3a8 _editorItemTopRadius_48b3a8"
                  style="width: 170px;"
                >
                  <input
                    class="bgm-input"
                    type="text"
                    value=""
                  />
                  <div
                    class="_editorItemConvertHandler_48b3a8"
                  />
                </div>
                <div
                  class="bgm-input__wrapper _editorItemInput_48b3a8 _editorItemTopRadius_48b3a8"
                >
                  <input
                    class="bgm-input"
                    id="yufi"
                    type="text"
                    value=""
                  />
                </div>
              </div>
              <div
                class="_editorItemMinus_48b3a8"
                title="删除一项"
              />
            </div>
          </div>
          <div
            data-rbd-draggable-context-id="0"
            data-rbd-draggable-id="anisu"
          >
            <div
              class="_editorItem_48b3a8"
            >
              <div
                aria-describedby="rbd-hidden-text-0-hidden-text-0"
                data-rbd-drag-handle-context-id="0"
                data-rbd-drag-handle-draggable-id="anisu"
                draggable="false"
                role="button"
                tabindex="-1"
              >
                <div
                  class="_editorItemCursor_48b3a8"
                />
              </div>
              <div
                class="bgm-input-group _editorItemInputGroup_48b3a8"
              >
                <div
                  class="bgm-input__wrapper _editorItemInput_48b3a8"
                  style="width: 170px;"
                >
                  <input
                    class="bgm-input"
                    type="text"
                    value=""
                  />
                  <div
                    class="_editorItemConvertHandler_48b3a8"
                  />
                </div>
                <div
                  class="bgm-input__wrapper _editorItemInput_48b3a8"
                >
                  <input
                    class="bgm-input"
                    id="anisu"
                    type="text"
                    value=""
                  />
                </div>
              </div>
              <div
                class="_editorItemMinus_48b3a8"
                title="删除一项"
              />
            </div>
          </div>
        </div>
        <div
          class="_footer_48b3a8"
        >
          <div
            class="_footerPlaceholder_48b3a8"
          />
          <button
            class="_footerBtn_48b3a8"
            type="button"
          >
            <div />
            <span>
              新增一级项目
            </span>
          </button>
          <button
            class="_footerBtn_48b3a8"
            type="button"
          >
            <div />
            <span>
              新增二级项目
            </span>
          </button>
          <div
            class="_footerPlaceholder_48b3a8"
          />
        </div>
      </div>
    </div>
    <div
      aria-atomic="true"
      aria-live="assertive"
      id="rbd-announcement-0"
      style="position: absolute; width: 1px; height: 1px; margin: -1px; border: 0px; padding: 0px; overflow: hidden; clip-path: inset(100%);"
    />
    <div
      id="rbd-hidden-text-0-hidden-text-0"
      style="display: none;"
    >
      
  Press space bar to start a drag.
  When dragging you can use the arrow keys to move the item around and escape to cancel.
  Some screen readers may require you to be in focus mode or to use your pass through key

    </div>
  </body>,
  "container": <div>
    <div
      class="_wikiEditor_48b3a8"
    >
      <div>
        <div
          data-rbd-draggable-context-id="0"
          data-rbd-draggable-id="yufi"
        >
          <div
            class="_editorItem_48b3a8"
          >
            <div
              aria-describedby="rbd-hidden-text-0-hidden-text-0"
              data-rbd-drag-handle-context-id="0"
              data-rbd-drag-handle-draggable-id="yufi"
              draggable="false"
              role="button"
              tabindex="-1"
            >
              <div
                class="_editorItemCursor_48b3a8"
              />
            </div>
            <div
              class="bgm-input-group _editorItemInputGroup_48b3a8"
            >
              <div
                class="bgm-input__wrapper _editorItemInput_48b3a8 _editorItemTopRadius_48b3a8"
                style="width: 170px;"
              >
                <input
                  class="bgm-input"
                  type="text"
                  value=""
                />
                <div
                  class="_editorItemConvertHandler_48b3a8"
                />
              </div>
              <div
                class="bgm-input__wrapper _editorItemInput_48b3a8 _editorItemTopRadius_48b3a8"
              >
                <input
                  class="bgm-input"
                  id="yufi"
                  type="text"
                  value=""
                />
              </div>
            </div>
            <div
              class="_editorItemMinus_48b3a8"
              title="删除一项"
            />
          </div>
        </div>
        <div
          data-rbd-draggable-context-id="0"
          data-rbd-draggable-id="anisu"
        >
          <div
            class="_editorItem_48b3a8"
          >
            <div
              aria-describedby="rbd-hidden-text-0-hidden-text-0"
              data-rbd-drag-handle-context-id="0"
              data-rbd-drag-handle-draggable-id="anisu"
              draggable="false"
              role="button"
              tabindex="-1"
            >
              <div
                class="_editorItemCursor_48b3a8"
              />
            </div>
            <div
              class="bgm-input-group _editorItemInputGroup_48b3a8"
            >
              <div
                class="bgm-input__wrapper _editorItemInput_48b3a8"
                style="width: 170px;"
              >
                <input
                  class="bgm-input"
                  type="text"
                  value=""
                />
                <div
                  class="_editorItemConvertHandler_48b3a8"
                />
              </div>
              <div
                class="bgm-input__wrapper _editorItemInput_48b3a8"
              >
                <input
                  class="bgm-input"
                  id="anisu"
                  type="text"
                  value=""
                />
              </div>
            </div>
            <div
              class="_editorItemMinus_48b3a8"
              title="删除一项"
            />
          </div>
        </div>
      </div>
      <div
        class="_footer_48b3a8"
      >
        <div
          class="_footerPlaceholder_48b3a8"
        />
        <button
          class="_footerBtn_48b3a8"
          type="button"
        >
          <div />
          <span>
            新增一级项目
          </span>
        </button>
        <button
          class="_footerBtn_48b3a8"
          type="button"
        >
          <div />
          <span>
            新增二级项目
          </span>
        </button>
        <div
          class="_footerPlaceholder_48b3a8"
        />
      </div>
    </div>
  </div>,
  "debug": [Function],
  "findAllByAltText": [Function],
  "findAllByDisplayValue": [Function],
  "findAllByLabelText": [Function],
  "findAllByPlaceholderText": [Function],
  "findAllByRole": [Function],
  "findAllByTestId": [Function],
  "findAllByText": [Function],
  "findAllByTitle": [Function],
  "findByAltText": [Function],
  "findByDisplayValue": [Function],
  "findByLabelText": [Function],
  "findByPlaceholderText": [Function],
  "findByRole": [Function],
  "findByTestId": [Function],
  "findByText": [Function],
  "findByTitle": [Function],
  "getAllByAltText": [Function],
  "getAllByDisplayValue": [Function],
  "getAllByLabelText": [Function],
  "getAllByPlaceholderText": [Function],
  "getAllByRole": [Function],
  "getAllByTestId": [Function],
  "getAllByText": [Function],
  "getAllByTitle": [Function],
  "getByAltText": [Function],
  "getByDisplayValue": [Function],
  "getByLabelText": [Function],
  "getByPlaceholderText": [Function],
  "getByRole": [Function],
  "getByTestId": [Function],
  "getByText": [Function],
  "getByTitle": [Function],
  "queryAllByAltText": [Function],
  "queryAllByDisplayValue": [Function],
  "queryAllByLabelText": [Function],
  "queryAllByPlaceholderText": [Function],
  "queryAllByRole": [Function],
  "queryAllByTestId": [Function],
  "queryAllByText": [Function],
  "queryAllByTitle": [Function],
  "queryByAltText": [Function],
  "queryByDisplayValue": [Function],
  "queryByLabelText": [Function],
  "queryByPlaceholderText": [Function],
  "queryByRole": [Function],
  "queryByTestId": [Function],
  "queryByText": [Function],
  "queryByTitle": [Function],
  "rerender": [Function],
  "unmount": [Function],
}
`;
